// Jest Snapshot v1, https://goo.gl/fbAQLP

exports[`<SMLogo /> should work 1`] = `
<div>
  <button
    aria-current="page"
    aria-label="Servicemap - Go to home page"
    class="MuiButtonBase-root css-fvdnvy-MuiButtonBase-root"
    role="link"
    tabindex="0"
    type="button"
  >
    <div
      aria-hidden="true"
      class="SMLogoComponent-logo-6"
      role="img"
    >
      <img
        alt=""
        class="ForwardRef-icon-27"
        src="test-file-stub"
      />
    </div>
  </button>
</div>
`;
