// Jest Snapshot v1, https://goo.gl/fbAQLP

exports[`<PaginationComponent /> should work 1`] = `
<div>
  <div
    class="Container-root-11    injectIntl(PaginationComponent)-buttonContainer-5"
  >
    <button
      aria-label="Previous page"
      class="MuiButtonBase-root SMButton SMButton-button-16  SMButton-marginRight-19 injectIntl(PaginationComponent)-button-4 injectIntl(PaginationComponent)-arrowFlip-2 injectIntl(PaginationComponent)-borderBlack-3 SMButton-primary-20 css-fvdnvy-MuiButtonBase-root"
      id="PaginationPreviousButton"
      role="link"
      tabindex="0"
      type="button"
      variant="contained"
    >
      <svg
        aria-hidden="true"
        class="MuiSvgIcon-root MuiSvgIcon-fontSizeMedium injectIntl(PaginationComponent)-arrowIcon-1 css-6yqi1c-MuiSvgIcon-root"
        data-testid="ArrowForwardIosIcon"
        focusable="false"
        viewBox="0 0 24 24"
      >
        <path
          d="M6.23 20.23 8 22l10-10L8 2 6.23 3.77 14.46 12z"
        />
      </svg>
    </button>
    <button
      aria-label="Next page"
      class="MuiButtonBase-root SMButton SMButton-button-16  SMButton-marginRight-19 injectIntl(PaginationComponent)-button-4 injectIntl(PaginationComponent)-borderBlack-3 SMButton-primary-20 css-fvdnvy-MuiButtonBase-root"
      id="PaginationNextButton"
      role="link"
      tabindex="0"
      type="button"
      variant="contained"
    >
      <svg
        aria-hidden="true"
        class="MuiSvgIcon-root MuiSvgIcon-fontSizeMedium injectIntl(PaginationComponent)-arrowIcon-1 css-6yqi1c-MuiSvgIcon-root"
        data-testid="ArrowForwardIosIcon"
        focusable="false"
        viewBox="0 0 24 24"
      >
        <path
          d="M6.23 20.23 8 22l10-10L8 2 6.23 3.77 14.46 12z"
        />
      </svg>
    </button>
    <div
      class="Container-root-11    injectIntl(PaginationComponent)-listContainer-7"
    >
      <ul
        class="injectIntl(PaginationComponent)-list-6"
      >
        <li>
          <button
            class="MuiButtonBase-root css-fvdnvy-MuiButtonBase-root"
            role="link"
            tabindex="0"
            type="button"
          >
            <p
              class="MuiTypography-root MuiTypography-subtitle1  PageElement-pageItem-33 PageElement-pageElement-31 css-dlbwt1-MuiTypography-root"
            >
              <p
                class="MuiTypography-root MuiTypography-body2 css-1ak20dk-MuiTypography-root"
                style="border: 0px; height: 1px; margin: -1px; overflow: hidden; padding: 0px; position: absolute; white-space: nowrap; width: 1px;"
              >
                Open page 1
              </p>
              <span
                aria-hidden="true"
              >
                1
              </span>
            </p>
          </button>
        </li>
        <li>
          <button
            class="MuiButtonBase-root Mui-disabled css-fvdnvy-MuiButtonBase-root"
            disabled=""
            role="link"
            tabindex="-1"
            type="button"
          >
            <p
              class="MuiTypography-root MuiTypography-subtitle1  PageElement-pageItem-33 PageElement-pageElementActive-32 css-dlbwt1-MuiTypography-root"
            >
              <p
                class="MuiTypography-root MuiTypography-body2 css-1ak20dk-MuiTypography-root"
                style="border: 0px; height: 1px; margin: -1px; overflow: hidden; padding: 0px; position: absolute; white-space: nowrap; width: 1px;"
              >
                Page 2 currently opened
              </p>
              <span
                aria-hidden="true"
              >
                2
              </span>
            </p>
          </button>
        </li>
        <li>
          <button
            class="MuiButtonBase-root css-fvdnvy-MuiButtonBase-root"
            role="link"
            tabindex="0"
            type="button"
          >
            <p
              class="MuiTypography-root MuiTypography-subtitle1  PageElement-pageItem-33 PageElement-pageElement-31 css-dlbwt1-MuiTypography-root"
            >
              <p
                class="MuiTypography-root MuiTypography-body2 css-1ak20dk-MuiTypography-root"
                style="border: 0px; height: 1px; margin: -1px; overflow: hidden; padding: 0px; position: absolute; white-space: nowrap; width: 1px;"
              >
                Open page 3
              </p>
              <span
                aria-hidden="true"
              >
                3
              </span>
            </p>
          </button>
        </li>
        <li>
          <button
            class="MuiButtonBase-root css-fvdnvy-MuiButtonBase-root"
            role="link"
            tabindex="0"
            type="button"
          >
            <p
              class="MuiTypography-root MuiTypography-subtitle1  PageElement-pageItem-33 PageElement-pageElement-31 css-dlbwt1-MuiTypography-root"
            >
              <p
                class="MuiTypography-root MuiTypography-body2 css-1ak20dk-MuiTypography-root"
                style="border: 0px; height: 1px; margin: -1px; overflow: hidden; padding: 0px; position: absolute; white-space: nowrap; width: 1px;"
              >
                Open page 4
              </p>
              <span
                aria-hidden="true"
              >
                4
              </span>
            </p>
          </button>
        </li>
        <li>
          <button
            class="MuiButtonBase-root css-fvdnvy-MuiButtonBase-root"
            role="link"
            tabindex="0"
            type="button"
          >
            <p
              class="MuiTypography-root MuiTypography-subtitle1  PageElement-pageItem-33 PageElement-pageElement-31 css-dlbwt1-MuiTypography-root"
            >
              <p
                class="MuiTypography-root MuiTypography-body2 css-1ak20dk-MuiTypography-root"
                style="border: 0px; height: 1px; margin: -1px; overflow: hidden; padding: 0px; position: absolute; white-space: nowrap; width: 1px;"
              >
                Open page 5
              </p>
              <span
                aria-hidden="true"
              >
                5
              </span>
            </p>
          </button>
        </li>
      </ul>
    </div>
  </div>
</div>
`;
