// Jest Snapshot v1, https://goo.gl/fbAQLP

exports[`<MenuButton /> should work 1`] = `
<div>
  <button
    aria-expanded="false"
    aria-haspopup="true"
    aria-label="Menu"
    class="MuiButton-root MuiButton-text MuiButton-textPrimary MuiButton-sizeMedium MuiButton-textSizeMedium MuiButtonBase-root undefined undefined css-1p2nkht-MuiButtonBase-root-MuiButton-root"
    id="MenuButton"
    tabindex="0"
    type="button"
  >
    <svg
      aria-hidden="true"
      class="MuiSvgIcon-root MuiSvgIcon-fontSizeMedium css-6yqi1c-MuiSvgIcon-root"
      data-testid="MenuIcon"
      focusable="false"
      viewBox="0 0 24 24"
    >
      <path
        d="M3 18h18v-2H3v2zm0-5h18v-2H3v2zm0-7v2h18V6H3z"
      />
    </svg>
    <p
      class="MuiTypography-root MuiTypography-body2 css-q91igz-MuiTypography-root"
    >
      Menu
    </p>
  </button>
</div>
`;
